<html>
<body>
<pre>
<h1>µVision Build Log</h1>
<h2>Tool Versions:</h2>
IDE-Version: ¦ÌVision V5.33.0.0
Copyright (C) 2020 ARM Ltd and ARM Germany GmbH. All rights reserved.
License Information: Liang Weitao, XDU, LIC=1WSKC-7RRNF-24ISS-L0AA2-BUKX7-K64R3
 
Tool Versions:
Toolchain:       MDK-ARM Professional  Version: 5.33.0.0
Toolchain Path:  D:\Keil_MDK\ARM\ARMCLANG\Bin
C Compiler:      ArmClang.exe V6.15
Assembler:       Armasm.exe V6.15
Linker/Locator:  ArmLink.exe V6.15
Library Manager: ArmAr.exe V6.15
Hex Converter:   FromElf.exe V6.15
CPU DLL:         SARMCM3.DLL V5.33.0.0
Dialog DLL:      DCM.DLL V1.17.3.0
Target DLL:      CMSIS_AGDI.dll V1.32.12.0
Dialog DLL:      TCM.DLL V1.48.0.0
 
<h2>Project:</h2>
E:\Desktop\double_duo\duolun_chassis\MDK-ARM\balance_infantry.uvprojx
Project File Date:  11/14/2023

<h2>Output:</h2>
*** Using Compiler 'V6.15', folder: 'D:\Keil_MDK\ARM\ARMCLANG\Bin'
Rebuild target 'balance_infantry'
assembling startup_stm32f407xx.s...
compiling stm32f4xx_hal_timebase_tim.c...
compiling stm32f4xx_hal_rcc_ex.c...
compiling usart.c...
compiling stm32f4xx_it.c...
compiling gpio.c...
compiling stm32f4xx_hal_msp.c...
compiling can.c...
compiling dma.c...
compiling spi.c...
compiling stm32f4xx_hal_flash.c...
compiling main.c...
compiling freertos.c...
compiling stm32f4xx_hal_rcc.c...
compiling tim.c...
compiling stm32f4xx_hal_flash_ex.c...
compiling stm32f4xx_hal_can.c...
compiling stm32f4xx_hal_flash_ramfunc.c...
compiling stm32f4xx_hal_gpio.c...
compiling stm32f4xx_hal_dma.c...
compiling stm32f4xx_hal_dma_ex.c...
compiling stm32f4xx_hal_pwr_ex.c...
compiling stm32f4xx_hal_pwr.c...
compiling stm32f4xx_hal_exti.c...
compiling stm32f4xx_hal.c...
compiling stm32f4xx_hal_cortex.c...
compiling croutine.c...
compiling list.c...
compiling event_groups.c...
compiling system_stm32f4xx.c...
compiling timers.c...
compiling stm32f4xx_hal_spi.c...
compiling stm32f4xx_hal_tim_ex.c...
compiling stm32f4xx_hal_uart.c...
compiling port.c...
compiling queue.c...
compiling cmsis_os.c...
compiling stream_buffer.c...
compiling heap_4.c...
compiling bsp_can.c...
compiling bsp_delay.c...
compiling tasks.c...
compiling stm32f4xx_hal_tim.c...
compiling bsp_led.c...
compiling bsp_imu_pwm.c...
compiling InterruptService.c...
compiling bsp_usart.c...
compiling CanSendThread.c...
compiling bsp_spi.c...
compiling AttitudeThread.c...
compiling CalculateThread.c...
compiling RefereeThread.c...
compiling BMI088Middleware.c...
compiling BMI088driver.c...
compiling UIThread.c...
compiling CMS.c...
compiling RefereeBehaviour.c...
compiling Client_UI.c...
compiling feet_motor.c...
compiling Remote.c...
compiling MahonyAHRS.c...
compiling user_lib.c...
compiling loop_fifo.c...
compiling CRC8_CRC16.c...
compiling pid.c...
compiling fifo.c...
linking...
Program Size: Code=88344 RO-data=2792 RW-data=268 ZI-data=32540  
FromELF: creating hex file...
"balance_infantry\balance_infantry.axf" - 0 Error(s), 0 Warning(s).

<h2>Software Packages used:</h2>

Package Vendor: ARM
                http://www.keil.com/pack/ARM.CMSIS.5.7.0.pack
                ARM.CMSIS.5.7.0
                CMSIS (Cortex Microcontroller Software Interface Standard)
   * Component: CORE Version: 5.4.0

Package Vendor: Keil
                http://www.keil.com/pack/Keil.STM32F4xx_DFP.2.15.0.pack
                Keil.STM32F4xx_DFP.2.15.0
                STMicroelectronics STM32F4 Series Device Support, Drivers and Examples

<h2>Collection of Component include folders:</h2>
  .\RTE\_balance_infantry
  D:\Keil_MDK\pack\ARM\CMSIS\5.7.0\CMSIS\Core\Include
  D:\Keil_MDK\pack\Keil\STM32F4xx_DFP\2.15.0\Drivers\CMSIS\Device\ST\STM32F4xx\Include

<h2>Collection of Component Files used:</h2>

   * Component: ARM::CMSIS:CORE:5.4.0
      Include file:  CMSIS\Core\Include\tz_context.h
Build Time Elapsed:  00:00:02
</pre>
</body>
</html>
